// Jest Snapshot v1, https://goo.gl/fbAQLP

exports[`<LoadingIndicator> Matches snapshot 1`] = `
<div
  className="LoadingIndicator-sc-1cg5c9w-0 JjQyC"
/>
`;
