// Jest Snapshot v1, https://goo.gl/fbAQLP

exports[`<Avatar> Matches the snapshot 1`] = `
.c0 {
  border-radius: 50%;
  height: 100%;
}

<img
  className="c0"
  src="url"
/>
`;
