// Jest Snapshot v1, https://goo.gl/fbAQLP

exports[`<Donation> Matches snapshot 1`] = `
<div
  className="Container-sc-13tjqbm-0 StyledContainer-sc-12yhrow-0 bitGVB"
  direction="column"
  onMouseLeave={[Function]}
  onMouseOver={[Function]}
>
  <img
    className="Avatar-sc-1o0a796-0 fZQRzI"
    src="https://www.justgiving.com/content/images/graphics/icons/avatars/facebook-avatar.gif"
  />
  <p
    className="DonorName-sc-12yhrow-1 gXLUOY"
  >
    Michael Gibson
  </p>
  <span
    className="Amount-sc-12yhrow-2 jFAgTE"
  >
    Â£10
  </span>
  <div
    className="VerticalLine-sc-12yhrow-4 ellmqY"
  />
  <div
    className="EventCircle-sc-12yhrow-5 eSQixU"
  />
  <div
    className="DonationDate-sc-12yhrow-3 efGwlT"
  >
    23/04/2019
  </div>
</div>
`;
